mode: set
github.com/letya999/hermes-hub/internal/selfsettings/selfsettings.go:81.2,82.24 2 1
github.com/letya999/hermes-hub/internal/selfsettings/selfsettings.go:83.3,84.1 1 1
github.com/letya999/hermes-hub/internal/selfsettings/selfsettings.go:85.2,86.12 2 1
github.com/letya999/hermes-hub/internal/selfsettings/selfsettings.go:90.2,90.25 1 1
github.com/letya999/hermes-hub/internal/selfsettings/selfsettings.go:92.3,92.16 1 1
github.com/letya999/hermes-hub/internal/selfsettings/selfsettings.go:94.3,95.17 2 1
github.com/letya999/hermes-hub/internal/selfsettings/selfsettings.go:96.4,97.1 1 1
github.com/letya999/hermes-hub/internal/selfsettings/selfsettings.go:98.3,98.21 1 1
github.com/letya999/hermes-hub/internal/selfsettings/selfsettings.go:100.2,100.59 1 0
github.com/letya999/hermes-hub/internal/selfsettings/selfsettings.go:104.2,104.36 1 1
github.com/letya999/hermes-hub/internal/selfsettings/selfsettings.go:105.3,106.26 2 1
github.com/letya999/hermes-hub/internal/selfsettings/selfsettings.go:108.4,108.13 1 1
github.com/letya999/hermes-hub/internal/selfsettings/selfsettings.go:110.4,110.22 1 0
github.com/letya999/hermes-hub/internal/selfsettings/selfsettings.go:112.4,113.18 2 1
github.com/letya999/hermes-hub/internal/selfsettings/selfsettings.go:114.5,115.1 1 0
github.com/letya999/hermes-hub/internal/selfsettings/selfsettings.go:116.4,116.18 1 1
github.com/letya999/hermes-hub/internal/selfsettings/selfsettings.go:118.4,118.60 1 0
github.com/letya999/hermes-hub/internal/selfsettings/selfsettings.go:120.3,120.78 1 1
github.com/letya999/hermes-hub/internal/selfsettings/selfsettings.go:121.4,122.1 1 0
github.com/letya999/hermes-hub/internal/selfsettings/selfsettings.go:123.3,123.20 1 1
github.com/letya999/hermes-hub/internal/selfsettings/selfsettings.go:128.2,128.36 1 1
github.com/letya999/hermes-hub/internal/selfsettings/selfsettings.go:129.3,130.26 2 1
github.com/letya999/hermes-hub/internal/selfsettings/selfsettings.go:132.4,132.26 1 1
github.com/letya999/hermes-hub/internal/selfsettings/selfsettings.go:133.5,134.1 1 0
github.com/letya999/hermes-hub/internal/selfsettings/selfsettings.go:135.4,135.20 1 1
github.com/letya999/hermes-hub/internal/selfsettings/selfsettings.go:137.4,137.20 1 0
github.com/letya999/hermes-hub/internal/selfsettings/selfsettings.go:139.4,140.18 2 1
github.com/letya999/hermes-hub/internal/selfsettings/selfsettings.go:141.5,142.1 1 0
github.com/letya999/hermes-hub/internal/selfsettings/selfsettings.go:143.4,143.18 1 1
github.com/letya999/hermes-hub/internal/selfsettings/selfsettings.go:145.4,145.62 1 0
github.com/letya999/hermes-hub/internal/selfsettings/selfsettings.go:147.3,147.33 1 1
github.com/letya999/hermes-hub/internal/selfsettings/selfsettings.go:148.4,149.1 1 1
github.com/letya999/hermes-hub/internal/selfsettings/selfsettings.go:150.3,150.20 1 1
github.com/letya999/hermes-hub/internal/selfsettings/selfsettings.go:155.2,155.36 1 1
github.com/letya999/hermes-hub/internal/selfsettings/selfsettings.go:156.3,157.10 2 1
github.com/letya999/hermes-hub/internal/selfsettings/selfsettings.go:158.4,159.1 1 0
github.com/letya999/hermes-hub/internal/selfsettings/selfsettings.go:160.3,161.36 2 1
github.com/letya999/hermes-hub/internal/selfsettings/selfsettings.go:162.4,163.1 1 1
github.com/letya999/hermes-hub/internal/selfsettings/selfsettings.go:164.3,164.73 1 1
github.com/letya999/hermes-hub/internal/selfsettings/selfsettings.go:171.2,172.36 2 1
github.com/letya999/hermes-hub/internal/selfsettings/selfsettings.go:173.3,174.1 1 1
github.com/letya999/hermes-hub/internal/selfsettings/selfsettings.go:175.2,175.16 1 1
github.com/letya999/hermes-hub/internal/selfsettings/selfsettings.go:176.3,177.1 1 0
github.com/letya999/hermes-hub/internal/selfsettings/selfsettings.go:178.2,178.30 1 1
github.com/letya999/hermes-hub/internal/selfsettings/selfsettings.go:179.3,180.1 1 1
github.com/letya999/hermes-hub/internal/selfsettings/selfsettings.go:181.2,182.16 2 1
github.com/letya999/hermes-hub/internal/selfsettings/selfsettings.go:183.3,184.1 1 0
github.com/letya999/hermes-hub/internal/selfsettings/selfsettings.go:185.2,185.26 1 1
github.com/letya999/hermes-hub/internal/selfsettings/selfsettings.go:186.3,187.1 1 0
github.com/letya999/hermes-hub/internal/selfsettings/selfsettings.go:188.2,189.51 2 1
github.com/letya999/hermes-hub/internal/selfsettings/selfsettings.go:190.3,191.1 1 0
github.com/letya999/hermes-hub/internal/selfsettings/selfsettings.go:192.2,192.26 1 1
github.com/letya999/hermes-hub/internal/selfsettings/selfsettings.go:193.3,194.1 1 0
github.com/letya999/hermes-hub/internal/selfsettings/selfsettings.go:195.2,196.30 2 1
github.com/letya999/hermes-hub/internal/selfsettings/selfsettings.go:197.3,198.10 2 1
github.com/letya999/hermes-hub/internal/selfsettings/selfsettings.go:199.4,200.1 1 1
github.com/letya999/hermes-hub/internal/selfsettings/selfsettings.go:201.3,202.17 2 1
github.com/letya999/hermes-hub/internal/selfsettings/selfsettings.go:203.4,204.1 1 1
github.com/letya999/hermes-hub/internal/selfsettings/selfsettings.go:205.3,205.26 1 1
github.com/letya999/hermes-hub/internal/selfsettings/selfsettings.go:207.2,207.20 1 1
github.com/letya999/hermes-hub/internal/selfsettings/selfsettings.go:213.2,214.9 2 1
github.com/letya999/hermes-hub/internal/selfsettings/selfsettings.go:215.3,216.1 1 1
github.com/letya999/hermes-hub/internal/selfsettings/selfsettings.go:217.2,218.16 2 1
github.com/letya999/hermes-hub/internal/selfsettings/selfsettings.go:219.3,220.1 1 0
github.com/letya999/hermes-hub/internal/selfsettings/selfsettings.go:221.2,221.20 1 1
github.com/letya999/hermes-hub/internal/selfsettings/selfsettings.go:222.3,223.1 1 1
github.com/letya999/hermes-hub/internal/selfsettings/selfsettings.go:224.2,224.16 1 1
github.com/letya999/hermes-hub/internal/selfsettings/selfsettings.go:225.3,226.1 1 1
github.com/letya999/hermes-hub/internal/selfsettings/selfsettings.go:227.3,228.17 2 1
github.com/letya999/hermes-hub/internal/selfsettings/selfsettings.go:229.4,230.1 1 1
github.com/letya999/hermes-hub/internal/selfsettings/selfsettings.go:231.3,231.27 1 1
github.com/letya999/hermes-hub/internal/selfsettings/selfsettings.go:233.2,233.51 1 1
github.com/letya999/hermes-hub/internal/selfsettings/selfsettings.go:234.3,235.1 1 0
github.com/letya999/hermes-hub/internal/selfsettings/selfsettings.go:236.2,236.21 1 1
github.com/letya999/hermes-hub/internal/selfsettings/selfsettings.go:242.2,242.33 1 1
github.com/letya999/hermes-hub/internal/selfsettings/selfsettings.go:243.3,245.45 3 1
github.com/letya999/hermes-hub/internal/selfsettings/selfsettings.go:246.4,247.11 2 1
github.com/letya999/hermes-hub/internal/selfsettings/selfsettings.go:248.5,250.1 2 1
github.com/letya999/hermes-hub/internal/selfsettings/selfsettings.go:251.4,251.15 1 1
github.com/letya999/hermes-hub/internal/selfsettings/selfsettings.go:253.3,253.36 1 1
github.com/letya999/hermes-hub/internal/selfsettings/selfsettings.go:258.2,258.62 1 1
github.com/letya999/hermes-hub/internal/selfsettings/selfsettings.go:259.3,260.1 1 0
github.com/letya999/hermes-hub/internal/selfsettings/selfsettings.go:261.2,262.16 2 1
github.com/letya999/hermes-hub/internal/selfsettings/selfsettings.go:263.3,264.1 1 0
github.com/letya999/hermes-hub/internal/selfsettings/selfsettings.go:265.2,266.16 2 1
github.com/letya999/hermes-hub/internal/selfsettings/selfsettings.go:267.3,268.1 1 0
github.com/letya999/hermes-hub/internal/selfsettings/selfsettings.go:269.2,271.37 3 1
github.com/letya999/hermes-hub/internal/selfsettings/selfsettings.go:272.3,273.1 1 1
github.com/letya999/hermes-hub/internal/selfsettings/selfsettings.go:274.2,274.16 1 1
github.com/letya999/hermes-hub/internal/selfsettings/selfsettings.go:275.3,276.1 1 1
github.com/letya999/hermes-hub/internal/selfsettings/selfsettings.go:277.2,277.39 1 1
github.com/letya999/hermes-hub/internal/selfsettings/selfsettings.go:278.3,279.1 1 1
github.com/letya999/hermes-hub/internal/selfsettings/selfsettings.go:280.2,280.16 1 1
github.com/letya999/hermes-hub/internal/selfsettings/selfsettings.go:281.3,282.1 1 0
github.com/letya999/hermes-hub/internal/selfsettings/selfsettings.go:283.2,283.29 1 1
